
> build
> vite build

[36mvite v5.4.21 [32mbuilding for production...[36m[39m
transforming...
[32mΓ£ô[39m 2971 modules transformed.
node.exe : [31mx[39m Build failed in 5.58s
At line:1 char:1
+ & "C:\Program Files\nodejs/node.exe" "C:\Users\ariya\AppData\Roaming\ ...
+ ~~~~~~~~~~~~~~~~~~~~~~~~~~~~~~~~~~~~~~~~~~~~~~~~~~~~~~~~~~~~~~~~~~~~~
    + CategoryInfo          : NotSpecified: ([31mx[39m Build failed in 5.58s:String) [], RemoteException
    + FullyQualifiedErrorId : NativeCommandError
 
[31merror during build:
[31msrc/components/editor/ComponentsPanel.tsx (76:25): "useFilteredThemes" is not exported by 
"src/store/editor-store.ts", imported by "src/components/editor/ComponentsPanel.tsx".[31m
file: [36mC:/Users/ariya/OneDrive/Desktop/project/Resume_To_Portfolio/app/app/frontend/src/components/editor/Component
sPanel.tsx:76:25[31m
[33m
74:   { id: "design-chic", layout: "grid", theme: "minimal-swiss", name: "Design Director", description: "Bold 
typography...
75: ];
76: import { useEditorStore, useFilteredThemes } from "@/store/editor-store";
                             ^
77: 
78: // ΓöÇΓöÇΓöÇ Sortable Section Item ΓöÇΓöÇΓöÇΓöÇΓöÇΓöÇΓöÇΓöÇΓöÇΓöÇΓöÇΓöÇΓöÇΓöÇΓöÇΓöÇΓöÇΓöÇΓöÇΓöÇΓöÇΓöÇΓöÇΓöÇΓöÇΓöÇΓö
ÇΓöÇΓöÇΓöÇΓöÇΓöÇΓöÇΓöÇΓöÇΓöÇΓöÇΓöÇΓöÇΓöÇΓöÇ
[31m
    at getRollupError (file:///C:/Users/ariya/OneDrive/Desktop/project/Resume_To_Portfolio/app/app/frontend/node_module
s/vite/node_modules/rollup/dist/es/shared/parseAst.js:406:41)
    at error (file:///C:/Users/ariya/OneDrive/Desktop/project/Resume_To_Portfolio/app/app/frontend/node_modules/vite/no
de_modules/rollup/dist/es/shared/parseAst.js:402:42)
    at Module.error (file:///C:/Users/ariya/OneDrive/Desktop/project/Resume_To_Portfolio/app/app/frontend/node_modules/
vite/node_modules/rollup/dist/es/shared/node-entry.js:17384:16)
    at Module.traceVariable (file:///C:/Users/ariya/OneDrive/Desktop/project/Resume_To_Portfolio/app/app/frontend/node_
modules/vite/node_modules/rollup/dist/es/shared/node-entry.js:17817:29)
    at ModuleScope.findVariable (file:///C:/Users/ariya/OneDrive/Desktop/project/Resume_To_Portfolio/app/app/frontend/n
ode_modules/vite/node_modules/rollup/dist/es/shared/node-entry.js:15407:39)
    at FunctionScope.findVariable (file:///C:/Users/ariya/OneDrive/Desktop/project/Resume_To_Portfolio/app/app/frontend
/node_modules/vite/node_modules/rollup/dist/es/shared/node-entry.js:5676:38)
    at FunctionBodyScope.findVariable (file:///C:/Users/ariya/OneDrive/Desktop/project/Resume_To_Portfolio/app/app/fron
tend/node_modules/vite/node_modules/rollup/dist/es/shared/node-entry.js:5676:38)
    at Identifier.bind (file:///C:/Users/ariya/OneDrive/Desktop/project/Resume_To_Portfolio/app/app/frontend/node_modul
es/vite/node_modules/rollup/dist/es/shared/node-entry.js:5450:40)
    at CallExpression.bind (file:///C:/Users/ariya/OneDrive/Desktop/project/Resume_To_Portfolio/app/app/frontend/node_m
odules/vite/node_modules/rollup/dist/es/shared/node-entry.js:2832:23)
    at CallExpression.bind (file:///C:/Users/ariya/OneDrive/Desktop/project/Resume_To_Portfolio/app/app/frontend/node_m
odules/vite/node_modules/rollup/dist/es/shared/node-entry.js:12516:15)[39m
